 istep=      0 time=  0.0000E+00  |phi|^2=  0.1309E-03 |apar|^2=   0.0000E+00  |bpar|^2=   0.0000E+00
 istep=      1 time=  0.1000E-01  |phi|^2=  0.4064E-04 |apar|^2=   0.0000E+00  |bpar|^2=   0.0000E+00
 istep=      2 time=  0.2000E-01  |phi|^2=  0.2073E-04 |apar|^2=   0.0000E+00  |bpar|^2=   0.0000E+00
 istep=      3 time=  0.3000E-01  |phi|^2=  0.1941E-04 |apar|^2=   0.0000E+00  |bpar|^2=   0.0000E+00
 istep=      4 time=  0.4000E-01  |phi|^2=  0.1292E-04 |apar|^2=   0.0000E+00  |bpar|^2=   0.0000E+00
 istep=      5 time=  0.5000E-01  |phi|^2=  0.8705E-05 |apar|^2=   0.0000E+00  |bpar|^2=   0.0000E+00
 istep=      6 time=  0.6000E-01  |phi|^2=  0.7213E-05 |apar|^2=   0.0000E+00  |bpar|^2=   0.0000E+00
 istep=      7 time=  0.7000E-01  |phi|^2=  0.7722E-05 |apar|^2=   0.0000E+00  |bpar|^2=   0.0000E+00
 istep=      8 time=  0.8000E-01  |phi|^2=  0.6408E-05 |apar|^2=   0.0000E+00  |bpar|^2=   0.0000E+00
 istep=      9 time=  0.9000E-01  |phi|^2=  0.4891E-05 |apar|^2=   0.0000E+00  |bpar|^2=   0.0000E+00
 istep=     10 time=  0.1000E+00  |phi|^2=  0.4275E-05 |apar|^2=   0.0000E+00  |bpar|^2=   0.0000E+00
