 istep=      0 time=  0.0000E+00  |phi|^2=  0.8808E-04 |apar|^2=   0.0000E+00  |bpar|^2=   0.0000E+00
 istep=      1 time=  0.1000E-01  |phi|^2=  0.4720E-04 |apar|^2=   0.0000E+00  |bpar|^2=   0.0000E+00
 istep=      2 time=  0.2000E-01  |phi|^2=  0.3720E-04 |apar|^2=   0.0000E+00  |bpar|^2=   0.0000E+00
 istep=      3 time=  0.3000E-01  |phi|^2=  0.3331E-04 |apar|^2=   0.0000E+00  |bpar|^2=   0.0000E+00
 istep=      4 time=  0.4000E-01  |phi|^2=  0.1944E-04 |apar|^2=   0.0000E+00  |bpar|^2=   0.0000E+00
 istep=      5 time=  0.5000E-01  |phi|^2=  0.2103E-04 |apar|^2=   0.0000E+00  |bpar|^2=   0.0000E+00
 istep=      6 time=  0.6000E-01  |phi|^2=  0.1160E-04 |apar|^2=   0.0000E+00  |bpar|^2=   0.0000E+00
 istep=      7 time=  0.7000E-01  |phi|^2=  0.1011E-04 |apar|^2=   0.0000E+00  |bpar|^2=   0.0000E+00
 istep=      8 time=  0.8000E-01  |phi|^2=  0.1192E-04 |apar|^2=   0.0000E+00  |bpar|^2=   0.0000E+00
 istep=      9 time=  0.9000E-01  |phi|^2=  0.5012E-05 |apar|^2=   0.0000E+00  |bpar|^2=   0.0000E+00
 istep=     10 time=  0.1000E+00  |phi|^2=  0.5977E-05 |apar|^2=   0.0000E+00  |bpar|^2=   0.0000E+00
